1 - two file descriptors one for la7ya and one for momari.py
3 - resinsing

... problem pipes